// Vitest Snapshot v1, https://vitest.dev/guide/snapshot.html

exports[`NarrativeBlockV2 > renders with icon, text, tags, and meta with mood tint 1`] = `
<div
  class="_root_80ed06 _moodConflict_80ed06"
  data-testid="narrative-block"
  data-variant="v2"
  title="A warm recap of the day with subtle conflict noted."
>
  <div
    class="_row_80ed06"
  >
    <div
      aria-hidden="true"
      class="_icon_80ed06"
    >
      ▣
    </div>
    <div
      class="_content_80ed06"
    >
      <div
        class="_kind_80ed06"
      >
        recap
      </div>
      <div
        class="_text_80ed06"
      >
        A warm recap of the day with subtle conflict noted.
      </div>
      <div
        aria-label="tags"
        class="_tags_80ed06"
      >
        <span
          class="_tag_80ed06"
        >
          recap
        </span>
        <span
          class="_tag_80ed06"
        >
          conflict
        </span>
      </div>
      <div
        class="_meta_80ed06"
      >
        Day 1
         • 
        Agent Ari
      </div>
    </div>
    <div
      class="_right_80ed06"
    />
  </div>
</div>
`;
